C51 COMPILER V8.05a   CHENGXU                                                              05/23/2009 01:54:37 PAGE 1   


C51 COMPILER V8.05a, COMPILATION OF MODULE CHENGXU
OBJECT MODULE PLACED IN chengxu.OBJ
COMPILER INVOKED BY: C:\Keil\C51\BIN\C51.EXE chengxu.c BROWSE DEBUG OBJECTEXTEND

line level    source

   1          #include <reg52.h>
   2          #define uchar unsigned char
   3          #define uint  unsigned  int     
   4          uchar duan[11]={0xbf,0xc0,0Xf9,0xa4,0xb0,0x99,0x92,0x82,0xf8,0x80,0x90};         //所需的段的位码
   5          //uchar wei[6]={0X80,0X40,0X20,0X10,0x08,0x04};      //位的控制端       (仿真)
   6          uchar wei[6]={0X7f,0Xbf,0Xdf,0Xef,0xf7,0xfb};    //位的控制端   (开发板)
   7          uchar mbuf[6];//密码位
   8          uchar  count;
   9          uchar CLK;
  10          sbit fmq=P3^7; //蜂鸣器
  11          sbit cgq=P3^6; //传感器
  12          sbit xsd=P3^5; //夜光灯
  13          uchar QX;
  14          
  15          /******************************************************************
  16          
  17          延时函数
  18          
  19          ******************************************************************/
  20          void delay(uchar t)
  21          {
  22   1        uchar i,j;
  23   1         for(i=0;i<t;i++)
  24   1         {
  25   2               for(j=1000;j>0;j--);
  26   2               { ;
  27   3               }
  28   2         }
  29   1      }
  30          /******************************************************************
  31          
  32          延时函数
  33          
  34          ******************************************************************/
  35          void delay1(uchar p)
  36          {
  37   1       unsigned char i,j,k;
  38   1      for(i=p;i>0;i--)
  39   1      for(j=20;j>0;j--)
  40   1      for(k=248;k>0;k--);
  41   1      
  42   1      }
  43          
  44          /**********************************************************************
  45                          数码管动态扫描
  46          *********************************************************************/
  47          void xianshi()
  48           { 
  49   1       /*****************数据转换*****************************/ 
  50   1            
  51   1                P2=wei[0];
  52   1                P0=duan[mbuf[0]];
  53   1                delay(1);  
  54   1                P2=wei[1];
  55   1            P0=duan[mbuf[1]];
C51 COMPILER V8.05a   CHENGXU                                                              05/23/2009 01:54:37 PAGE 2   

  56   1                delay(1);  
  57   1                P2=wei[2];
  58   1            P0=duan[mbuf[2]];
  59   1                delay(1);  
  60   1            P2=wei[3];
  61   1            P0=duan[mbuf[3]];
  62   1                delay(1); 
  63   1                P2=wei[4];
  64   1            P0=duan[mbuf[4]];
  65   1                delay(1);
  66   1                P2=wei[5];
  67   1            P0=duan[mbuf[5]];
  68   1                delay(1); 
  69   1      }
  70          
  71          /*************************************************************************
  72                                          取键值  
  73          **************************************************************************/
  74          uchar getkey(void)///得到键值
  75          {
  76   1      uchar h,l,k;
  77   1      while(P1!=0x0f)
  78   1        {
  79   2         h=P1&0x0f;
  80   2         P1=0xf0;
  81   2         l=P1&0xf0;
  82   2         k=h|l;
  83   2         return(k);
  84   2        }
  85   1      }
  86          
  87          /*************************************************************************
  88                                          判断键值        
  89          **************************************************************************/
  90          void Getch (uchar i)
  91          {
  92   1      
  93   1      switch (i) //判断键值（那一个键按下）
  94   1      {
  95   2      case 0xe7: if (count<6) { mbuf[count]=1; count++;SBUF=0X00;while(!TI);TI=0;}break;
  96   2      case 0xd7: if (count<6) { mbuf[count]=2; count++;SBUF=0X01;while(!TI);TI=0;}break;
  97   2      case 0xb7: if (count<6) { mbuf[count]=3; count++;SBUF=0X02;while(!TI);TI=0;}break;
  98   2      case 0x77: if (count<6) { mbuf[count]=4; count++;SBUF=0X03;while(!TI);TI=0;}break;
  99   2      case 0xeb: if (count<6) { mbuf[count]=5; count++;SBUF=0X04;while(!TI);TI=0;}break;
 100   2      case 0xdb: if (count<6) { mbuf[count]=6; count++;SBUF=0X05;while(!TI);TI=0;}break;
 101   2      case 0xbb: if (count<6) { mbuf[count]=7; count++;SBUF=0X06;while(!TI);TI=0;}break;
 102   2      case 0x7b: if (count<6) { mbuf[count]=8; count++;SBUF=0X07;while(!TI);TI=0;}break;
 103   2      case 0xed: if (count<6) { mbuf[count]=9; count++;SBUF=0X08;while(!TI);TI=0;}break;
 104   2      case 0xdd: if (count<6) { mbuf[count]=10;count++;SBUF=0X09;while(!TI);TI=0;}break;
 105   2      case 0xbd: if (count==6) {SBUF=0x75;while(!TI);TI=0;}break; 
 106   2      case 0x7d: if (count<=6) {count=0;QX=1;}break;
 107   2      
 108   2      } } 
 109          
 110          /*************************************************************************
 111                               串口初始化,波特率9600，方式1
 112          **************************************************************************/
 113          
 114          void initTimer(void)
 115          {
 116   1       TMOD=0x1;
 117   1       TH0=0xdc;
C51 COMPILER V8.05a   CHENGXU                                                              05/23/2009 01:54:37 PAGE 3   

 118   1       TL0=0x32;
 119   1      }
 120          
 121          void initUart(void)
 122          {
 123   1       TMOD|=0x20;
 124   1       SCON=0x50;
 125   1       TH1=0xfd;
 126   1       TL1=0xfd;
 127   1       TR1=1;
 128   1      }
 129          
 130          /*************************************************************************
 131                                          主函数  
 132          **************************************************************************/
 133           void main()
 134          { 
 135   1      uchar key;
 136   1      initTimer();
 137   1      initUart();
 138   1      count=0;
 139   1      P1=0X0F;
 140   1      while(1)
 141   1      {
 142   2      if(P1!=0X0F)
 143   2      {
 144   3      key=getkey(); //取键值
 145   3      Getch(key);     //求值
 146   3      fmq=0;
 147   3      delay1(20);
 148   3      fmq=1;
 149   3      P1=0X0F;
 150   3      
 151   3      }
 152   2      xianshi();
 153   2      if(cgq!=0){xsd=0;}
 154   2      if(cgq==0){xsd=1;}
 155   2      if(QX==1)
 156   2      {
 157   3      mbuf[count]=0; count++;
 158   3      mbuf[count]=0; count++;
 159   3      mbuf[count]=0; count++;
 160   3      mbuf[count]=0; count++;
 161   3      mbuf[count]=0; count++;
 162   3      mbuf[count]=0; 
 163   3      xianshi();
 164   3      QX=0;
 165   3      count=0;
 166   3      }  
 167   2      }
 168   1      }               


MODULE INFORMATION:   STATIC OVERLAYABLE
   CODE SIZE        =    609    ----
   CONSTANT SIZE    =   ----    ----
   XDATA SIZE       =   ----    ----
   PDATA SIZE       =   ----    ----
   DATA SIZE        =     26    ----
   IDATA SIZE       =   ----    ----
   BIT SIZE         =   ----    ----
END OF MODULE INFORMATION.

C51 COMPILER V8.05a   CHENGXU                                                              05/23/2009 01:54:37 PAGE 4   


C51 COMPILATION COMPLETE.  0 WARNING(S),  0 ERROR(S)
